bad_open.lean:1:5: error: invalid 'open/export' command, identifier expected
bad_open.lean:3:13: error: invalid 'open/export' command, identifier expected
